mode: atomic
github.com/mikeblum/k3s-cilium-o11y-stack/cli/main.go:50.13,65.12 3 0
github.com/mikeblum/k3s-cilium-o11y-stack/cli/main.go:65.12,68.3 2 0
github.com/mikeblum/k3s-cilium-o11y-stack/cli/main.go:70.2,71.39 2 0
github.com/mikeblum/k3s-cilium-o11y-stack/cli/main.go:71.39,73.3 1 0
github.com/mikeblum/k3s-cilium-o11y-stack/cli/main.go:78.2,79.16 2 0
github.com/mikeblum/k3s-cilium-o11y-stack/cli/main.go:79.16,81.3 1 0
github.com/mikeblum/k3s-cilium-o11y-stack/cli/main.go:83.2,84.16 2 0
github.com/mikeblum/k3s-cilium-o11y-stack/cli/main.go:84.16,86.3 1 0
github.com/mikeblum/k3s-cilium-o11y-stack/cli/main.go:88.2,89.16 2 0
github.com/mikeblum/k3s-cilium-o11y-stack/cli/main.go:89.16,91.3 1 0
github.com/mikeblum/k3s-cilium-o11y-stack/cli/main.go:98.2,107.16 3 0
github.com/mikeblum/k3s-cilium-o11y-stack/cli/main.go:107.16,109.3 1 0
github.com/mikeblum/k3s-cilium-o11y-stack/cli/main.go:110.2,112.39 2 0
github.com/mikeblum/k3s-cilium-o11y-stack/cli/main.go:112.39,114.3 1 0
github.com/mikeblum/k3s-cilium-o11y-stack/cli/main.go:116.2,117.16 2 0
github.com/mikeblum/k3s-cilium-o11y-stack/cli/main.go:117.16,119.3 1 0
github.com/mikeblum/k3s-cilium-o11y-stack/cli/main.go:120.2,121.21 2 0
github.com/mikeblum/k3s-cilium-o11y-stack/cli/main.go:121.21,123.17 2 0
github.com/mikeblum/k3s-cilium-o11y-stack/cli/main.go:123.17,125.4 1 0
github.com/mikeblum/k3s-cilium-o11y-stack/cli/main.go:127.2,128.16 2 0
github.com/mikeblum/k3s-cilium-o11y-stack/cli/main.go:128.16,130.3 1 0
github.com/mikeblum/k3s-cilium-o11y-stack/cli/main.go:132.2,134.13 2 0
github.com/mikeblum/k3s-cilium-o11y-stack/cli/main.go:134.13,137.3 2 0
github.com/mikeblum/k3s-cilium-o11y-stack/cli/main.go:138.2,139.20 2 0
github.com/mikeblum/k3s-cilium-o11y-stack/cli/main.go:139.20,142.3 2 0
github.com/mikeblum/k3s-cilium-o11y-stack/cli/main.go:143.2,144.19 2 0
github.com/mikeblum/k3s-cilium-o11y-stack/cli/main.go:153.110,154.9 1 34
github.com/mikeblum/k3s-cilium-o11y-stack/cli/main.go:155.41,156.86 1 2
github.com/mikeblum/k3s-cilium-o11y-stack/cli/main.go:157.19,159.18 2 27
github.com/mikeblum/k3s-cilium-o11y-stack/cli/main.go:159.18,161.4 1 9
github.com/mikeblum/k3s-cilium-o11y-stack/cli/main.go:162.3,162.13 1 18
github.com/mikeblum/k3s-cilium-o11y-stack/cli/main.go:162.13,164.4 1 1
github.com/mikeblum/k3s-cilium-o11y-stack/cli/main.go:165.3,165.26 1 17
github.com/mikeblum/k3s-cilium-o11y-stack/cli/main.go:166.13,167.28 1 2
github.com/mikeblum/k3s-cilium-o11y-stack/cli/main.go:168.10,169.15 1 3
github.com/mikeblum/k3s-cilium-o11y-stack/cli/main.go:169.15,171.4 1 1
github.com/mikeblum/k3s-cilium-o11y-stack/cli/main.go:172.3,172.55 1 2
github.com/mikeblum/k3s-cilium-o11y-stack/cli/main.go:177.40,179.2 1 4
github.com/mikeblum/k3s-cilium-o11y-stack/cli/main.go:186.25,187.37 1 2
github.com/mikeblum/k3s-cilium-o11y-stack/cli/main.go:187.37,189.3 1 1
github.com/mikeblum/k3s-cilium-o11y-stack/cli/main.go:190.2,190.57 1 1
github.com/mikeblum/k3s-cilium-o11y-stack/cli/main.go:190.57,191.53 1 1
github.com/mikeblum/k3s-cilium-o11y-stack/cli/main.go:191.53,193.4 1 1
github.com/mikeblum/k3s-cilium-o11y-stack/cli/main.go:195.2,195.14 1 0
github.com/mikeblum/k3s-cilium-o11y-stack/cli/main.go:198.34,200.32 2 0
github.com/mikeblum/k3s-cilium-o11y-stack/cli/main.go:200.32,201.21 1 0
github.com/mikeblum/k3s-cilium-o11y-stack/cli/main.go:201.21,203.4 1 0
github.com/mikeblum/k3s-cilium-o11y-stack/cli/main.go:205.2,205.12 1 0
github.com/mikeblum/k3s-cilium-o11y-stack/cli/main.go:208.120,218.63 3 0
github.com/mikeblum/k3s-cilium-o11y-stack/cli/main.go:218.63,220.3 1 0
github.com/mikeblum/k3s-cilium-o11y-stack/cli/main.go:221.2,221.20 1 0
github.com/mikeblum/k3s-cilium-o11y-stack/cli/main.go:221.20,222.23 1 0
github.com/mikeblum/k3s-cilium-o11y-stack/cli/main.go:222.23,224.4 1 0
github.com/mikeblum/k3s-cilium-o11y-stack/cli/main.go:226.2,226.18 1 0
github.com/mikeblum/k3s-cilium-o11y-stack/cli/main.go:229.104,239.63 3 0
github.com/mikeblum/k3s-cilium-o11y-stack/cli/main.go:239.63,241.3 1 0
github.com/mikeblum/k3s-cilium-o11y-stack/cli/main.go:242.2,242.22 1 0
github.com/mikeblum/k3s-cilium-o11y-stack/cli/main.go:242.22,244.3 1 0
github.com/mikeblum/k3s-cilium-o11y-stack/cli/main.go:245.2,245.18 1 0
github.com/mikeblum/k3s-cilium-o11y-stack/cli/main.go:248.49,252.25 4 0
github.com/mikeblum/k3s-cilium-o11y-stack/cli/main.go:252.25,255.3 2 0
github.com/mikeblum/k3s-cilium-o11y-stack/cli/main.go:256.2,256.42 1 0
github.com/mikeblum/k3s-cilium-o11y-stack/cli/main.go:259.33,262.25 3 0
github.com/mikeblum/k3s-cilium-o11y-stack/cli/main.go:262.25,265.3 2 0
github.com/mikeblum/k3s-cilium-o11y-stack/cli/main.go:266.2,266.50 1 0
github.com/mikeblum/k3s-cilium-o11y-stack/cli/main.go:269.66,277.40 4 0
github.com/mikeblum/k3s-cilium-o11y-stack/cli/main.go:277.40,279.3 1 0
github.com/mikeblum/k3s-cilium-o11y-stack/cli/main.go:282.34,284.40 2 5
github.com/mikeblum/k3s-cilium-o11y-stack/cli/main.go:284.40,286.3 1 1
github.com/mikeblum/k3s-cilium-o11y-stack/cli/main.go:287.2,287.10 1 5
github.com/mikeblum/k3s-cilium-o11y-stack/cli/main.go:290.35,293.2 2 0
github.com/mikeblum/k3s-cilium-o11y-stack/cli/password.go:30.45,31.14 1 5
github.com/mikeblum/k3s-cilium-o11y-stack/cli/password.go:32.17,33.33 1 1
github.com/mikeblum/k3s-cilium-o11y-stack/cli/password.go:34.21,35.37 1 1
github.com/mikeblum/k3s-cilium-o11y-stack/cli/password.go:37.2,37.91 1 3
github.com/mikeblum/k3s-cilium-o11y-stack/cli/password.go:44.48,45.54 1 3
github.com/mikeblum/k3s-cilium-o11y-stack/cli/password.go:45.54,47.3 1 2
github.com/mikeblum/k3s-cilium-o11y-stack/cli/password.go:48.2,49.16 2 1
github.com/mikeblum/k3s-cilium-o11y-stack/cli/password.go:49.16,51.3 1 1
github.com/mikeblum/k3s-cilium-o11y-stack/cli/password.go:52.2,52.32 1 0
github.com/mikeblum/k3s-cilium-o11y-stack/cli/password.go:58.53,65.16 5 0
github.com/mikeblum/k3s-cilium-o11y-stack/cli/password.go:65.16,67.26 2 0
github.com/mikeblum/k3s-cilium-o11y-stack/cli/password.go:67.26,70.4 1 0
github.com/mikeblum/k3s-cilium-o11y-stack/cli/password.go:71.3,71.91 1 0
github.com/mikeblum/k3s-cilium-o11y-stack/cli/password.go:76.2,77.15 2 0
github.com/mikeblum/k3s-cilium-o11y-stack/cli/password.go:77.15,79.3 1 0
github.com/mikeblum/k3s-cilium-o11y-stack/cli/password.go:80.2,81.16 2 0
github.com/mikeblum/k3s-cilium-o11y-stack/cli/password.go:81.16,83.3 1 0
github.com/mikeblum/k3s-cilium-o11y-stack/cli/password.go:84.2,84.24 1 0
github.com/mikeblum/k3s-cilium-o11y-stack/cli/since.go:20.50,22.13 2 27
github.com/mikeblum/k3s-cilium-o11y-stack/cli/since.go:22.13,24.3 1 1
github.com/mikeblum/k3s-cilium-o11y-stack/cli/since.go:26.2,26.54 1 26
github.com/mikeblum/k3s-cilium-o11y-stack/cli/since.go:26.54,28.3 1 9
github.com/mikeblum/k3s-cilium-o11y-stack/cli/since.go:30.2,32.28 3 17
github.com/mikeblum/k3s-cilium-o11y-stack/cli/since.go:32.28,34.3 1 18
github.com/mikeblum/k3s-cilium-o11y-stack/cli/since.go:35.2,35.45 1 17
github.com/mikeblum/k3s-cilium-o11y-stack/cli/since.go:35.45,37.3 1 4
github.com/mikeblum/k3s-cilium-o11y-stack/cli/since.go:39.2,40.28 2 13
github.com/mikeblum/k3s-cilium-o11y-stack/cli/since.go:40.28,41.46 1 16
github.com/mikeblum/k3s-cilium-o11y-stack/cli/since.go:42.28,44.18 2 15
github.com/mikeblum/k3s-cilium-o11y-stack/cli/since.go:44.18,46.5 1 0
github.com/mikeblum/k3s-cilium-o11y-stack/cli/since.go:47.4,48.16 2 15
github.com/mikeblum/k3s-cilium-o11y-stack/cli/since.go:49.13,50.26 1 9
github.com/mikeblum/k3s-cilium-o11y-stack/cli/since.go:51.13,52.30 1 2
github.com/mikeblum/k3s-cilium-o11y-stack/cli/since.go:53.14,54.31 1 3
github.com/mikeblum/k3s-cilium-o11y-stack/cli/since.go:55.13,56.32 1 1
github.com/mikeblum/k3s-cilium-o11y-stack/cli/since.go:58.4,58.47 1 15
github.com/mikeblum/k3s-cilium-o11y-stack/cli/since.go:59.11,62.18 2 1
github.com/mikeblum/k3s-cilium-o11y-stack/cli/since.go:62.18,64.5 1 0
github.com/mikeblum/k3s-cilium-o11y-stack/cli/since.go:65.4,65.14 1 1
github.com/mikeblum/k3s-cilium-o11y-stack/cli/since.go:68.2,68.19 1 13
github.com/mikeblum/k3s-cilium-o11y-stack/cli/table.go:17.55,23.2 5 0
github.com/mikeblum/k3s-cilium-o11y-stack/cli/table.go:25.38,27.2 1 0
github.com/mikeblum/k3s-cilium-o11y-stack/cli/table.go:29.48,30.16 1 0
github.com/mikeblum/k3s-cilium-o11y-stack/cli/table.go:30.16,32.3 1 0
github.com/mikeblum/k3s-cilium-o11y-stack/cli/table.go:32.8,37.3 4 0
github.com/mikeblum/k3s-cilium-o11y-stack/cli/table.go:38.2,38.13 1 0
github.com/mikeblum/k3s-cilium-o11y-stack/cli/table.go:41.37,43.2 1 0
github.com/mikeblum/k3s-cilium-o11y-stack/cli/table.go:45.42,46.21 1 0
github.com/mikeblum/k3s-cilium-o11y-stack/cli/table.go:46.21,48.3 1 0
github.com/mikeblum/k3s-cilium-o11y-stack/cli/table.go:49.2,49.14 1 0
github.com/mikeblum/k3s-cilium-o11y-stack/cli/table.go:52.28,55.11 3 7
github.com/mikeblum/k3s-cilium-o11y-stack/cli/table.go:55.11,57.3 1 1
github.com/mikeblum/k3s-cilium-o11y-stack/cli/table.go:58.2,59.30 2 7
github.com/mikeblum/k3s-cilium-o11y-stack/cli/table.go:59.30,60.33 1 29
github.com/mikeblum/k3s-cilium-o11y-stack/cli/table.go:60.33,62.4 1 6
github.com/mikeblum/k3s-cilium-o11y-stack/cli/table.go:63.3,63.23 1 29
github.com/mikeblum/k3s-cilium-o11y-stack/cli/table.go:65.2,65.26 1 7
